// Jest Snapshot v1, https://goo.gl/fbAQLP

exports[`combine lenses - fields 1`] = `
"Lens[store 
	.do(\\"users\\")
	.do(merge(store .do(\\"users\\").do(\\"michel\\").do(\\"friend\\")))
	.do(select(function (_a) { var users = _a[0],friend = _a[1]; return users[friend]; }))
]"
`

exports[`logging 1`] = `Array []`

exports[`logging 2`] = `
Array [
  Array [
    2,
    undefined,
    "Lens[test
	.do(\\"x\\")
	.do(\\"y\\")
	.do(log())
]",
  ],
  Array [
    2,
    undefined,
    "Lens[test
	.do(\\"x\\")
	.do(\\"y\\")
	.do(log())
]",
  ],
]
`

exports[`logging 3`] = `
Array [
  Array [
    2,
    undefined,
    "Lens[test
	.do(\\"x\\")
	.do(\\"y\\")
	.do(log())
]",
  ],
  Array [
    2,
    undefined,
    "Lens[test
	.do(\\"x\\")
	.do(\\"y\\")
	.do(log())
]",
  ],
  Array [
    3,
    undefined,
    "Lens[test
	.do(\\"x\\")
	.do(\\"y\\")
	.do(log())
]",
  ],
]
`
